// 同步 ID: 16b42bae @ Mon Jul 20 11:48:56 UTC 2026
// 同步 ID: 4ebaeb58 @ Tue Jul 21 00:21:13 UTC 2026
// 同步 ID: b72f8f9e @ Tue Jul 21 10:29:20 UTC 2026
// 重构日志: e6630da4
// 重构日志: 4b084664
// 重构日志: df80e908
// 重构日志: fc113469
// 重构日志: 134946ac
// 重构日志: f290896b
// 重构日志: 6dd61f83
// 重构日志: 15f39393
// 重构日志: 16e4cd92
// 重构日志: 55dd3720
// 重构日志: e72d7e42
// 重构日志: 0cb56d68
// 同步 ID: 647e1e91 @ Fri Jul 24 21:45:31 UTC 2026
// 重构日志: 0a97e80e
// 重构日志: 90e4c9a5
// 同步 ID: 6747edf9 @ Tue Jul 28 09:57:11 UTC 2026
// 重构日志: a123d6f4
// 同步 ID: 51bfcff1 @ Wed Jul 29 07:42:19 UTC 2026
// 同步 ID: 834ea147 @ Wed Jul 29 17:34:32 UTC 2026
// 重构日志: 7ffe6607
// 重构日志: 7fc2be8c
// 重构日志: 53fd2098
// 重构日志: 5854f48b
// 同步 ID: 12ffbf84 @ Thu Jul 30 17:33:39 UTC 2026
// 重构日志: 7c333761
// 重构日志: 109b4764
// 同步 ID: 98aea841 @ Sun Aug  2 12:19:25 UTC 2026
